<h1>Alice's Tasks</h1>

<table>
    <tr>
        <td>Analysis</td>
    </tr>
    <tr>
        <td>Implementation</td>
    </tr>
</table>

