<h1>Bob's Tasks</h1>

<table>
    <tr>
        <td>Design</td>
    </tr>
    <tr>
        <td>Implementation</td>
    </tr>
</table>

